


                                                                                                                                                                                                                               15:57 Friday, January 8, 2016  19

### -----
###
### UTIL_AXIS_ORDER Overall: ALL TESTS PASSED - 40
###
### -----

   001   1.a.1          Missing min
   002   1.a.2          Missing max
   003   1.a.3          Missing min & max
   004   1.b.1a         Min = Max
   005   1.b.1b         Min = Max
   006   1.b.1c         Min = Max
   007   1.b.2a         Min > Max
   008   1.b.2b         Min > Max
   009   1.b.2c         Min > Max
   010   2.a.1          Pos min & max, various vals
   011   2.a.2          Pos min & max, various vals
   012   2.a.3          Pos min & max, various vals
   013   2.a.4          Pos min & max, various vals
   014   2.a.5          Pos min & max, various vals
   015   2.a.6          Pos min & max, various vals
   016   2.a.7          Pos min & max, various vals
   017   2.b.1          Non-pos min & pos max, various vals
   018   2.b.2          Non-pos min & pos max, various vals
   019   2.b.3          Non-pos min & pos max, various vals
   020   2.b.4          Non-pos min & pos max, various vals
   021   2.b.5          Non-pos min & pos max, various vals
   022   2.b.6          Non-pos min & pos max, various vals
   023   2.b.7          Non-pos min & pos max, various vals
   024   2.b.8          Non-pos min & pos max, various vals
   025   2.c.1          Neg min & non-pos max, various vals
   026   2.c.2          Neg min & non-pos max, various vals
   027   2.c.3          Neg min & non-pos max, various vals
   028   2.c.4          Neg min & non-pos max, various vals
   029   2.c.5          Neg min & non-pos max, various vals
   030   2.c.6          Neg min & non-pos max, various vals
   031   2.c.7          Neg min & non-pos max, various vals
   032   2.d.1          Non-pos, non-int TICKS val
   033   2.d.2          Non-pos, non-int TICKS val
   034   2.d.3          Non-pos, non-int TICKS val
   035   2.d.4          Non-pos, non-int TICKS val
   036   2.d.5          Non-pos, non-int TICKS val
   037   2.d.6          Non-pos, non-int TICKS val
   038   2.e.1          Range of pos int TICKS val
   039   2.e.2          Range of pos int TICKS val
   040   2.e.3          Range of pos int TICKS val
